// Jest Snapshot v1, https://goo.gl/fbAQLP

exports[`Text Text should render correctly 1`] = `
<ContextProvider
  value={
    Object {
      "breakpoints": Object {
        "l": 1340,
        "m": 960,
        "s": 580,
      },
      "colors": Object {
        "accent1": Object {
          "50": "#0000ff",
          "default": "50",
        },
        "interaction": Object {
          "50": "#069cc1",
          "default": "50",
        },
        "neutral": Object {
          "10": "#ffffff",
          "100": "#020000",
          "20": "#f7f3f2",
          "30": "#b3adac",
          "50": "#8f8786",
          "90": "#343232",
          "default": "90",
        },
        "notification": Object {
          "50": "#ffcc16",
          "default": "50",
        },
        "primary": Object {
          "50": "#f23e23",
          "60": "#a91f0a",
          "90": "#78020c",
          "default": "50",
        },
        "success": Object {
          "50": "#2dc845",
          "default": "50",
        },
        "warning": Object {
          "50": "#ed0b1f",
          "default": "50",
        },
      },
      "fontFamilies": Object {
        "default": "sans-serif",
        "serif": "serif",
      },
      "grid": Object {
        "default": Object {
          "columnGap": 12,
          "columns": 4,
        },
        "l": Object {
          "columnGap": 40,
          "columns": 12,
        },
        "m": Object {
          "columnGap": 30,
          "columns": 12,
        },
        "s": Object {
          "columnGap": 20,
          "columns": 4,
        },
      },
      "maxwidth": 1680,
      "spacings": Object {
        "l": 40,
        "m": 20,
        "s": 12,
        "xl": 60,
        "xs": 8,
        "xxl": 80,
        "xxs": 4,
      },
      "typography": Object {
        "button": Object {
          "fontSizes": Array [
            12,
            14,
          ],
        },
        "copy": Object {
          "fontSizes": Array [
            12,
            14,
          ],
        },
        "copySmall": Object {
          "fontSizes": Array [
            12,
            14,
          ],
        },
        "formHint": Object {
          "fontSizes": Array [
            12,
            14,
          ],
        },
        "formLabel": Object {
          "fontSizes": Array [
            12,
            14,
          ],
        },
        "formValue": Object {
          "fontSizes": Array [
            12,
            14,
          ],
        },
        "headline1": Object {
          "fontSizes": Array [
            26,
            42,
          ],
          "lineHeights": Array [
            1.4,
            1.2,
          ],
          "weight": "bold",
        },
        "headline2": Object {
          "fontSizes": Array [
            22,
            34,
          ],
          "lineHeights": Array [
            1.3,
            1.2,
          ],
          "weight": "bold",
        },
        "headline3": Object {
          "fontSizes": Array [
            20,
            24,
          ],
          "lineHeights": Array [
            1.5,
            1.5,
          ],
          "weight": "bold",
        },
        "headline4": Object {
          "fontSizes": Array [
            18,
            18,
          ],
          "lineHeights": Array [
            1.65,
            2,
          ],
          "weight": "bold",
        },
        "link": Object {
          "fontSizes": Array [
            12,
            14,
          ],
        },
        "quote": Object {
          "family": "serif",
          "fontSizes": Array [
            12,
            14,
          ],
        },
      },
    }
  }
>
  <styled.p>
    Primary Text
  </styled.p>
</ContextProvider>
`;
